// Vitest Snapshot v1, https://vitest.dev/guide/snapshot.html

exports[`digest positions > places active trains on the now-line at their current km 1`] = `
[
  {
    "id": "trn-1",
    "sx": 240,
    "sy": 198,
  },
  {
    "id": "trn-2",
    "sx": 240,
    "sy": 144,
  },
]
`;

exports[`drawDiagramDynamic > draws the now-line and one dot per active train 1`] = `
[
  "clearRect(0, 0, 800, 320)",
  "set strokeStyle("#38bdf8")",
  "set lineWidth(1.5)",
  "setLineDash([])",
  "beginPath()",
  "moveTo(240.5, 0)",
  "lineTo(240.5, 320)",
  "stroke()",
  "set fillStyle("#38bdf8")",
  "beginPath()",
  "moveTo(221.5, 0)",
  "lineTo(259.5, 0)",
  "quadraticCurveTo(262.5, 0, 262.5, 3)",
  "lineTo(262.5, 11)",
  "quadraticCurveTo(262.5, 14, 259.5, 14)",
  "lineTo(221.5, 14)",
  "quadraticCurveTo(218.5, 14, 218.5, 11)",
  "lineTo(218.5, 3)",
  "quadraticCurveTo(218.5, 0, 221.5, 0)",
  "closePath()",
  "fill()",
  "set font("10px ui-monospace, monospace")",
  "set fillStyle("#08121c")",
  "set textAlign("center")",
  "set textBaseline("middle")",
  "fillText("08:05", 240.5, 7)",
  "set fillStyle("#2563eb")",
  "beginPath()",
  "arc(240, 198, 4, 0, 6.283)",
  "fill()",
  "set strokeStyle("#0f172a")",
  "stroke()",
  "set fillStyle("#dc2626")",
  "beginPath()",
  "arc(240, 144, 4, 0, 6.283)",
  "fill()",
  "stroke()",
]
`;

exports[`drawDiagramEvents > draws a diamond at the 待避 and a bracket at the 接続 1`] = `
[
  "set fillStyle("#fbbf24")",
  "beginPath()",
  "moveTo(252, 192)",
  "lineTo(257, 198)",
  "lineTo(252, 204)",
  "lineTo(247, 198)",
  "closePath()",
  "fill()",
  "set strokeStyle("#0f172a")",
  "stroke()",
  "set strokeStyle("#4ade80")",
  "set lineWidth(1.5)",
  "setLineDash([])",
  "beginPath()",
  "moveTo(228, 202)",
  "lineTo(228, 208)",
  "lineTo(252, 208)",
  "lineTo(252, 202)",
  "stroke()",
]
`;

exports[`drawDiagramGrid > produces a stable call log 1`] = `
[
  "set fillStyle("#0f172a")",
  "fillRect(0, 0, 800, 320)",
  "setLineDash([])",
  "set strokeStyle("rgba(51, 65, 85, 0.4)")",
  "beginPath()",
  "moveTo(12.5, 0)",
  "lineTo(12.5, 320)",
  "moveTo(24.5, 0)",
  "lineTo(24.5, 320)",
  "moveTo(36.5, 0)",
  "lineTo(36.5, 320)",
  "moveTo(48.5, 0)",
  "lineTo(48.5, 320)",
  "moveTo(72.5, 0)",
  "lineTo(72.5, 320)",
  "moveTo(84.5, 0)",
  "lineTo(84.5, 320)",
  "moveTo(96.5, 0)",
  "lineTo(96.5, 320)",
  "moveTo(108.5, 0)",
  "lineTo(108.5, 320)",
  "moveTo(132.5, 0)",
  "lineTo(132.5, 320)",
  "moveTo(144.5, 0)",
  "lineTo(144.5, 320)",
  "moveTo(156.5, 0)",
  "lineTo(156.5, 320)",
  "moveTo(168.5, 0)",
  "lineTo(168.5, 320)",
  "moveTo(192.5, 0)",
  "lineTo(192.5, 320)",
  "moveTo(204.5, 0)",
  "lineTo(204.5, 320)",
  "moveTo(216.5, 0)",
  "lineTo(216.5, 320)",
  "moveTo(228.5, 0)",
  "lineTo(228.5, 320)",
  "moveTo(252.5, 0)",
  "lineTo(252.5, 320)",
  "moveTo(264.5, 0)",
  "lineTo(264.5, 320)",
  "moveTo(276.5, 0)",
  "lineTo(276.5, 320)",
  "moveTo(288.5, 0)",
  "lineTo(288.5, 320)",
  "moveTo(312.5, 0)",
  "lineTo(312.5, 320)",
  "moveTo(324.5, 0)",
  "lineTo(324.5, 320)",
  "moveTo(336.5, 0)",
  "lineTo(336.5, 320)",
  "moveTo(348.5, 0)",
  "lineTo(348.5, 320)",
  "moveTo(372.5, 0)",
  "lineTo(372.5, 320)",
  "moveTo(384.5, 0)",
  "lineTo(384.5, 320)",
  "moveTo(396.5, 0)",
  "lineTo(396.5, 320)",
  "moveTo(408.5, 0)",
  "lineTo(408.5, 320)",
  "moveTo(432.5, 0)",
  "lineTo(432.5, 320)",
  "moveTo(444.5, 0)",
  "lineTo(444.5, 320)",
  "moveTo(456.5, 0)",
  "lineTo(456.5, 320)",
  "moveTo(468.5, 0)",
  "lineTo(468.5, 320)",
  "moveTo(492.5, 0)",
  "lineTo(492.5, 320)",
  "moveTo(504.5, 0)",
  "lineTo(504.5, 320)",
  "moveTo(516.5, 0)",
  "lineTo(516.5, 320)",
  "moveTo(528.5, 0)",
  "lineTo(528.5, 320)",
  "moveTo(552.5, 0)",
  "lineTo(552.5, 320)",
  "moveTo(564.5, 0)",
  "lineTo(564.5, 320)",
  "moveTo(576.5, 0)",
  "lineTo(576.5, 320)",
  "moveTo(588.5, 0)",
  "lineTo(588.5, 320)",
  "moveTo(612.5, 0)",
  "lineTo(612.5, 320)",
  "moveTo(624.5, 0)",
  "lineTo(624.5, 320)",
  "moveTo(636.5, 0)",
  "lineTo(636.5, 320)",
  "moveTo(648.5, 0)",
  "lineTo(648.5, 320)",
  "moveTo(672.5, 0)",
  "lineTo(672.5, 320)",
  "moveTo(684.5, 0)",
  "lineTo(684.5, 320)",
  "moveTo(696.5, 0)",
  "lineTo(696.5, 320)",
  "moveTo(708.5, 0)",
  "lineTo(708.5, 320)",
  "moveTo(732.5, 0)",
  "lineTo(732.5, 320)",
  "moveTo(744.5, 0)",
  "lineTo(744.5, 320)",
  "moveTo(756.5, 0)",
  "lineTo(756.5, 320)",
  "moveTo(768.5, 0)",
  "lineTo(768.5, 320)",
  "moveTo(792.5, 0)",
  "lineTo(792.5, 320)",
  "stroke()",
  "set strokeStyle("#475569")",
  "beginPath()",
  "moveTo(0.5, 0)",
  "lineTo(0.5, 320)",
  "moveTo(60.5, 0)",
  "lineTo(60.5, 320)",
  "moveTo(120.5, 0)",
  "lineTo(120.5, 320)",
  "moveTo(180.5, 0)",
  "lineTo(180.5, 320)",
  "moveTo(240.5, 0)",
  "lineTo(240.5, 320)",
  "moveTo(300.5, 0)",
  "lineTo(300.5, 320)",
  "moveTo(360.5, 0)",
  "lineTo(360.5, 320)",
  "moveTo(420.5, 0)",
  "lineTo(420.5, 320)",
  "moveTo(480.5, 0)",
  "lineTo(480.5, 320)",
  "moveTo(540.5, 0)",
  "lineTo(540.5, 320)",
  "moveTo(600.5, 0)",
  "lineTo(600.5, 320)",
  "moveTo(660.5, 0)",
  "lineTo(660.5, 320)",
  "moveTo(720.5, 0)",
  "lineTo(720.5, 320)",
  "moveTo(780.5, 0)",
  "lineTo(780.5, 320)",
  "stroke()",
  "set font("10px ui-monospace, monospace")",
  "set fillStyle("#94a3b8")",
  "set textAlign("left")",
  "set textBaseline("top")",
  "fillText("07:45", 3, 3)",
  "fillText("07:50", 63, 3)",
  "fillText("07:55", 123, 3)",
  "fillText("08:00", 183, 3)",
  "fillText("08:05", 243, 3)",
  "fillText("08:10", 303, 3)",
  "fillText("08:15", 363, 3)",
  "fillText("08:20", 423, 3)",
  "fillText("08:25", 483, 3)",
  "fillText("08:30", 543, 3)",
  "fillText("08:35", 603, 3)",
  "fillText("08:40", 663, 3)",
  "fillText("08:45", 723, 3)",
  "fillText("08:50", 783, 3)",
  "beginPath()",
  "moveTo(0, 18.5)",
  "lineTo(800, 18.5)",
  "stroke()",
  "set font("11px system-ui, sans-serif")",
  "set fillStyle("#e2e8f0")",
  "set textBaseline("bottom")",
  "fillText("A駅", 4, 15.5)",
  "beginPath()",
  "moveTo(0, 108.5)",
  "lineTo(800, 108.5)",
  "stroke()",
  "fillText("B駅", 4, 105.5)",
  "set strokeStyle("rgba(56, 189, 248, 0.55)")",
  "set lineWidth(1.5)",
  "beginPath()",
  "moveTo(0, 198.5)",
  "lineTo(800, 198.5)",
  "stroke()",
  "fillText("C駅", 4, 195.5)",
  "set strokeStyle("#475569")",
  "set lineWidth(1)",
  "beginPath()",
  "moveTo(0, 288.5)",
  "lineTo(800, 288.5)",
  "stroke()",
  "fillText("D駅", 4, 285.5)",
  "set strokeStyle("rgba(51, 65, 85, 0.3)")",
  "beginPath()",
  "moveTo(0, 18.5)",
  "lineTo(800, 18.5)",
  "moveTo(0, 63.5)",
  "lineTo(800, 63.5)",
  "moveTo(0, 108.5)",
  "lineTo(800, 108.5)",
  "moveTo(0, 153.5)",
  "lineTo(800, 153.5)",
  "moveTo(0, 198.5)",
  "lineTo(800, 198.5)",
  "moveTo(0, 243.5)",
  "lineTo(800, 243.5)",
  "moveTo(0, 288.5)",
  "lineTo(800, 288.5)",
  "stroke()",
]
`;

exports[`drawDiagramTrains > produces a stable call log 1`] = `
[
  "set lineCap("round")",
  "set lineJoin("round")",
  "set strokeStyle("#94a3b8")",
  "set lineWidth(1.5)",
  "setLineDash([7,4])",
  "beginPath()",
  "moveTo(60, -27)",
  "lineTo(84, 18)",
  "stroke()",
  "setLineDash([])",
  "set font("10px ui-monospace, monospace")",
  "set fillStyle("#94a3b8")",
  "set textAlign("left")",
  "set textBaseline("bottom")",
  "fillText("回 回8001", 63, -30)",
  "set strokeStyle("#2563eb")",
  "setLineDash([])",
  "beginPath()",
  "moveTo(180, 18)",
  "lineTo(198, 108)",
  "lineTo(204, 108)",
  "lineTo(228, 198)",
  "lineTo(282, 198)",
  "lineTo(306, 288)",
  "stroke()",
  "setLineDash([])",
  "set fillStyle("#2563eb")",
  "fillText("各 101", 183, 15)",
  "set strokeStyle("#dc2626")",
  "set lineWidth(2.5)",
  "setLineDash([])",
  "beginPath()",
  "moveTo(216, 18)",
  "lineTo(232, 108)",
  "lineTo(252, 198)",
  "lineTo(258, 198)",
  "lineTo(276, 288)",
  "stroke()",
  "setLineDash([])",
  "set fillStyle("#dc2626")",
  "fillText("急 201", 219, 15)",
  "set strokeStyle("#94a3b8")",
  "set lineWidth(1.5)",
  "setLineDash([7,4])",
  "beginPath()",
  "moveTo(420, 288)",
  "lineTo(444, 198)",
  "lineTo(450, 198)",
  "lineTo(468, 108)",
  "lineTo(474, 108)",
  "lineTo(492, 18)",
  "lineTo(516, 18)",
  "lineTo(540, -27)",
  "stroke()",
  "setLineDash([])",
  "set fillStyle("#94a3b8")",
  "fillText("回 回8002", 423, 285)",
]
`;
