// Vitest Snapshot v1, https://vitest.dev/guide/snapshot.html

exports[`digest positions > are integers and match the camera transform 1`] = `
[
  {
    "id": "stn-1",
    "sx": 140,
    "sy": 13,
  },
  {
    "id": "stn-2",
    "sx": 340,
    "sy": 39,
  },
  {
    "id": "stn-3",
    "sx": 540,
    "sy": 13,
  },
  {
    "id": "stn-4",
    "sx": 740,
    "sy": 13,
  },
]
`;

exports[`drawLineDynamic > produces a stable call log 1`] = `
[
  "clearRect(0, 0, 900, 200)",
  "set fillStyle("#273449")",
  "set strokeStyle("#475569")",
  "setLineDash([])",
  "beginPath()",
  "moveTo(43, 81.5)",
  "lineTo(118.5, 81.5)",
  "quadraticCurveTo(121.5, 81.5, 121.5, 84.5)",
  "lineTo(121.5, 93.5)",
  "quadraticCurveTo(121.5, 96.5, 118.5, 96.5)",
  "lineTo(43, 96.5)",
  "quadraticCurveTo(40, 96.5, 40, 93.5)",
  "lineTo(40, 84.5)",
  "quadraticCurveTo(40, 81.5, 43, 81.5)",
  "closePath()",
  "fill()",
  "stroke()",
  "set font("bold 10px system-ui, sans-serif")",
  "set fillStyle("#e2e8f0")",
  "set textAlign("left")",
  "set textBaseline("middle")",
  "fillText("A車庫", 46, 89)",
  "set font("9px ui-monospace, monospace")",
  "set fillStyle("#64748b")",
  "set textAlign("right")",
  "fillText("留置なし", 115.5, 89)",
  "set strokeStyle("#fbbf24")",
  "set lineWidth(2.5)",
  "setLineDash([])",
  "beginPath()",
  "moveTo(499, 22)",
  "lineTo(581, 22)",
  "quadraticCurveTo(590, 22, 590, 31)",
  "lineTo(590, 47)",
  "quadraticCurveTo(590, 56, 581, 56)",
  "lineTo(499, 56)",
  "quadraticCurveTo(490, 56, 490, 47)",
  "lineTo(490, 31)",
  "quadraticCurveTo(490, 22, 499, 22)",
  "closePath()",
  "stroke()",
  "set fillStyle("#2563eb")",
  "beginPath()",
  "moveTo(500, 26)",
  "lineTo(580, 26)",
  "quadraticCurveTo(586, 26, 586, 32)",
  "lineTo(586, 46)",
  "quadraticCurveTo(586, 52, 580, 52)",
  "lineTo(500, 52)",
  "quadraticCurveTo(494, 52, 494, 46)",
  "lineTo(494, 32)",
  "quadraticCurveTo(494, 26, 500, 26)",
  "closePath()",
  "fill()",
  "set fillStyle("rgba(255, 255, 255, 0.85)")",
  "beginPath()",
  "moveTo(580, 39)",
  "lineTo(574, 34)",
  "lineTo(574, 44)",
  "closePath()",
  "fill()",
  "set font("bold 11px system-ui, sans-serif")",
  "set fillStyle("#ffffff")",
  "set textAlign("center")",
  "set textBaseline("bottom")",
  "fillText("各 101", 534, 38)",
  "set font("9px ui-monospace, monospace")",
  "set fillStyle("rgba(255, 255, 255, 0.85)")",
  "set textBaseline("top")",
  "fillText("T01F(6)", 534, 38)",
  "set fillStyle("#fbbf24")",
  "setLineDash([])",
  "beginPath()",
  "moveTo(493, 9)",
  "lineTo(513, 9)",
  "quadraticCurveTo(516, 9, 516, 12)",
  "lineTo(516, 18)",
  "quadraticCurveTo(516, 21, 513, 21)",
  "lineTo(493, 21)",
  "quadraticCurveTo(490, 21, 490, 18)",
  "lineTo(490, 12)",
  "quadraticCurveTo(490, 9, 493, 9)",
  "closePath()",
  "fill()",
  "set font("9px system-ui, sans-serif")",
  "set fillStyle("#1f1300")",
  "set textBaseline("middle")",
  "fillText("待避", 503, 15)",
  "set fillStyle("#dc2626")",
  "beginPath()",
  "moveTo(384.601, 0)",
  "lineTo(464.601, 0)",
  "quadraticCurveTo(470.601, 0, 470.601, 6)",
  "lineTo(470.601, 20)",
  "quadraticCurveTo(470.601, 26, 464.601, 26)",
  "lineTo(384.601, 26)",
  "quadraticCurveTo(378.601, 26, 378.601, 20)",
  "lineTo(378.601, 6)",
  "quadraticCurveTo(378.601, 0, 384.601, 0)",
  "closePath()",
  "fill()",
  "set fillStyle("rgba(255, 255, 255, 0.85)")",
  "beginPath()",
  "moveTo(464.601, 13)",
  "lineTo(458.601, 8)",
  "lineTo(458.601, 18)",
  "closePath()",
  "fill()",
  "set font("bold 11px system-ui, sans-serif")",
  "set fillStyle("#ffffff")",
  "set textBaseline("bottom")",
  "fillText("急 201", 418.601, 12)",
  "set font("9px ui-monospace, monospace")",
  "set fillStyle("rgba(255, 255, 255, 0.85)")",
  "set textBaseline("top")",
  "fillText("T02F(6)", 418.601, 12)",
]
`;

exports[`drawLineStatic > produces a stable call log 1`] = `
[
  "set fillStyle("#0f172a")",
  "fillRect(0, 0, 900, 200)",
  "set strokeStyle("#475569")",
  "set lineWidth(2)",
  "setLineDash([])",
  "beginPath()",
  "moveTo(170, 13.5)",
  "lineTo(310, 13.5)",
  "stroke()",
  "set strokeStyle("#64748b")",
  "set lineWidth(1.5)",
  "beginPath()",
  "moveTo(236, 9.5)",
  "lineTo(244, 13.5)",
  "lineTo(236, 17.5)",
  "stroke()",
  "set strokeStyle("#475569")",
  "set lineWidth(2)",
  "setLineDash([])",
  "beginPath()",
  "moveTo(170, 65.5)",
  "lineTo(310, 65.5)",
  "stroke()",
  "set strokeStyle("#64748b")",
  "set lineWidth(1.5)",
  "beginPath()",
  "moveTo(244, 61.5)",
  "lineTo(236, 65.5)",
  "lineTo(244, 69.5)",
  "stroke()",
  "set strokeStyle("#475569")",
  "set lineWidth(2)",
  "setLineDash([])",
  "beginPath()",
  "moveTo(370, 13.5)",
  "lineTo(510, 13.5)",
  "stroke()",
  "set strokeStyle("#64748b")",
  "set lineWidth(1.5)",
  "beginPath()",
  "moveTo(436, 9.5)",
  "lineTo(444, 13.5)",
  "lineTo(436, 17.5)",
  "stroke()",
  "set strokeStyle("#475569")",
  "set lineWidth(2)",
  "setLineDash([])",
  "beginPath()",
  "moveTo(370, 65.5)",
  "lineTo(510, 65.5)",
  "stroke()",
  "set strokeStyle("#64748b")",
  "set lineWidth(1.5)",
  "beginPath()",
  "moveTo(444, 61.5)",
  "lineTo(436, 65.5)",
  "lineTo(444, 69.5)",
  "stroke()",
  "set strokeStyle("#475569")",
  "set lineWidth(2)",
  "setLineDash([])",
  "beginPath()",
  "moveTo(570, 13.5)",
  "lineTo(710, 13.5)",
  "stroke()",
  "set strokeStyle("#64748b")",
  "set lineWidth(1.5)",
  "beginPath()",
  "moveTo(636, 9.5)",
  "lineTo(644, 13.5)",
  "lineTo(636, 17.5)",
  "stroke()",
  "set strokeStyle("#475569")",
  "set lineWidth(2)",
  "setLineDash([])",
  "beginPath()",
  "moveTo(570, 65.5)",
  "lineTo(710, 65.5)",
  "stroke()",
  "set strokeStyle("#64748b")",
  "set lineWidth(1.5)",
  "beginPath()",
  "moveTo(644, 61.5)",
  "lineTo(636, 65.5)",
  "lineTo(644, 69.5)",
  "stroke()",
  "set strokeStyle("#334155")",
  "set lineWidth(2)",
  "setLineDash([6,4])",
  "beginPath()",
  "moveTo(110, 13.5)",
  "lineTo(78.5, 98.5)",
  "moveTo(110, 65.5)",
  "lineTo(78.5, 98.5)",
  "stroke()",
  "setLineDash([])",
  "set lineWidth(1.5)",
  "beginPath()",
  "moveTo(78.5, 98.5)",
  "lineTo(68, 104.5)",
  "lineTo(40, 104.5)",
  "stroke()",
  "set strokeStyle("#475569")",
  "set lineWidth(1)",
  "setLineDash([2,3])",
  "beginPath()",
  "moveTo(140.5, -8)",
  "lineTo(140.5, 78)",
  "stroke()",
  "setLineDash([])",
  "set fillStyle("rgba(100, 116, 139, 0.35)")",
  "fillRect(112, 4.5, 56, 4)",
  "set lineWidth(4)",
  "beginPath()",
  "moveTo(110, 13.5)",
  "lineTo(170, 13.5)",
  "stroke()",
  "set font("9px system-ui, sans-serif")",
  "set fillStyle("#64748b")",
  "set textAlign("left")",
  "fillText("1番線", 113, 22.5)",
  "set fillStyle("rgba(100, 116, 139, 0.35)")",
  "fillRect(112, 56.5, 56, 4)",
  "beginPath()",
  "moveTo(110, 65.5)",
  "lineTo(170, 65.5)",
  "stroke()",
  "set fillStyle("#64748b")",
  "fillText("2番線", 113, 74.5)",
  "set font("bold 11px system-ui, sans-serif")",
  "set fillStyle("#e2e8f0")",
  "set textAlign("center")",
  "set textBaseline("bottom")",
  "fillText("A駅", 140.5, -7)",
  "set lineWidth(1)",
  "setLineDash([2,3])",
  "beginPath()",
  "moveTo(340.5, -5)",
  "lineTo(340.5, 52)",
  "stroke()",
  "setLineDash([])",
  "set fillStyle("rgba(100, 116, 139, 0.35)")",
  "fillRect(328.5, 30.5, 23, 4)",
  "set strokeStyle("#334155")",
  "set lineWidth(1.5)",
  "beginPath()",
  "moveTo(310, 13.5)",
  "lineTo(326.5, 39.5)",
  "moveTo(353.5, 39.5)",
  "lineTo(370, 13.5)",
  "moveTo(310, 65.5)",
  "lineTo(326.5, 39.5)",
  "moveTo(353.5, 39.5)",
  "lineTo(370, 65.5)",
  "stroke()",
  "set strokeStyle("#475569")",
  "set lineWidth(4)",
  "beginPath()",
  "moveTo(326.5, 39.5)",
  "lineTo(353.5, 39.5)",
  "stroke()",
  "set font("11px system-ui, sans-serif")",
  "set fillStyle("#94a3b8")",
  "fillText("B駅", 340.5, -7)",
  "set strokeStyle("#38bdf8")",
  "set lineWidth(1)",
  "setLineDash([2,3])",
  "beginPath()",
  "moveTo(540.5, -8)",
  "lineTo(540.5, 78)",
  "stroke()",
  "setLineDash([])",
  "set fillStyle("rgba(100, 116, 139, 0.35)")",
  "fillRect(512, 4.5, 56, 4)",
  "set strokeStyle("#475569")",
  "set lineWidth(4)",
  "beginPath()",
  "moveTo(510, 13.5)",
  "lineTo(570, 13.5)",
  "stroke()",
  "set font("9px system-ui, sans-serif")",
  "set fillStyle("#64748b")",
  "set textAlign("left")",
  "set textBaseline("alphabetic")",
  "fillText("1番線", 513, 22.5)",
  "set fillStyle("rgba(251, 191, 36, 0.14)")",
  "fillRect(510, 27.5, 60, 24)",
  "set fillStyle("rgba(100, 116, 139, 0.35)")",
  "fillRect(528.5, 30.5, 23, 4)",
  "set strokeStyle("#334155")",
  "set lineWidth(1.5)",
  "beginPath()",
  "moveTo(510, 13.5)",
  "lineTo(526.5, 39.5)",
  "moveTo(553.5, 39.5)",
  "lineTo(570, 13.5)",
  "stroke()",
  "set strokeStyle("#fbbf24")",
  "set lineWidth(4)",
  "beginPath()",
  "moveTo(526.5, 39.5)",
  "lineTo(553.5, 39.5)",
  "stroke()",
  "fillRect(512, 56.5, 56, 4)",
  "set strokeStyle("#475569")",
  "beginPath()",
  "moveTo(510, 65.5)",
  "lineTo(570, 65.5)",
  "stroke()",
  "set fillStyle("#64748b")",
  "fillText("3番線", 513, 74.5)",
  "set font("bold 11px system-ui, sans-serif")",
  "set fillStyle("#e2e8f0")",
  "set textAlign("center")",
  "set textBaseline("bottom")",
  "fillText("C駅", 540.5, -7)",
  "set lineWidth(1)",
  "setLineDash([2,3])",
  "beginPath()",
  "moveTo(740.5, -8)",
  "lineTo(740.5, 52)",
  "stroke()",
  "setLineDash([])",
  "set fillStyle("rgba(100, 116, 139, 0.35)")",
  "fillRect(728.5, 4.5, 23, 4)",
  "set strokeStyle("#334155")",
  "set lineWidth(1.5)",
  "beginPath()",
  "moveTo(710, 65.5)",
  "lineTo(726.5, 13.5)",
  "moveTo(753.5, 13.5)",
  "lineTo(770, 65.5)",
  "stroke()",
  "set strokeStyle("#475569")",
  "set lineWidth(4)",
  "beginPath()",
  "moveTo(726.5, 13.5)",
  "lineTo(753.5, 13.5)",
  "stroke()",
  "fillRect(728.5, 30.5, 23, 4)",
  "set strokeStyle("#334155")",
  "set lineWidth(1.5)",
  "beginPath()",
  "moveTo(710, 13.5)",
  "lineTo(726.5, 39.5)",
  "moveTo(753.5, 39.5)",
  "lineTo(770, 13.5)",
  "moveTo(710, 65.5)",
  "lineTo(726.5, 39.5)",
  "moveTo(753.5, 39.5)",
  "lineTo(770, 65.5)",
  "stroke()",
  "set strokeStyle("#475569")",
  "set lineWidth(4)",
  "beginPath()",
  "moveTo(726.5, 39.5)",
  "lineTo(753.5, 39.5)",
  "stroke()",
  "set fillStyle("#e2e8f0")",
  "fillText("D駅", 740.5, -7)",
]
`;
