// Vitest Snapshot v1, https://vitest.dev/guide/snapshot.html

exports[`digest positions > are integers and match the camera transform 1`] = `
[
  {
    "id": "stn-1",
    "sx": 140,
    "sy": 13,
  },
  {
    "id": "stn-2",
    "sx": 340,
    "sy": 39,
  },
  {
    "id": "stn-3",
    "sx": 540,
    "sy": 13,
  },
  {
    "id": "stn-4",
    "sx": 740,
    "sy": 13,
  },
]
`;

exports[`drawLineDynamic > produces a stable call log 1`] = `
[
  "clearRect(0, 0, 900, 200)",
  "set fillStyle("#273449")",
  "set strokeStyle("#475569")",
  "setLineDash([])",
  "beginPath()",
  "moveTo(38, 82)",
  "lineTo(113.5, 82)",
  "quadraticCurveTo(116.5, 82, 116.5, 85)",
  "lineTo(116.5, 93)",
  "quadraticCurveTo(116.5, 96, 113.5, 96)",
  "lineTo(38, 96)",
  "quadraticCurveTo(35, 96, 35, 93)",
  "lineTo(35, 85)",
  "quadraticCurveTo(35, 82, 38, 82)",
  "closePath()",
  "fill()",
  "stroke()",
  "set font("bold 10px system-ui, sans-serif")",
  "set fillStyle("#e2e8f0")",
  "set textAlign("left")",
  "set textBaseline("middle")",
  "fillText("A車庫", 41, 89)",
  "set font("9px ui-monospace, monospace")",
  "set fillStyle("#64748b")",
  "set textAlign("right")",
  "fillText("留置なし", 110.5, 89)",
  "set strokeStyle("#fbbf24")",
  "set lineWidth(2)",
  "setLineDash([])",
  "beginPath()",
  "arc(540, 39, 7.5, 0, 6.283)",
  "stroke()",
  "setLineDash([])",
  "beginPath()",
  "arc(540, 39, 4.5, 0, 6.283)",
  "set fillStyle("#2563eb")",
  "fill()",
  "set strokeStyle("rgba(15, 23, 42, 0.9)")",
  "set lineWidth(1)",
  "stroke()",
  "set fillStyle("rgba(15, 23, 42, 0.95)")",
  "beginPath()",
  "moveTo(478.175, 48.5)",
  "lineTo(601.825, 48.5)",
  "quadraticCurveTo(604.825, 48.5, 604.825, 51.5)",
  "lineTo(604.825, 60.5)",
  "quadraticCurveTo(604.825, 63.5, 601.825, 63.5)",
  "lineTo(478.175, 63.5)",
  "quadraticCurveTo(475.175, 63.5, 475.175, 60.5)",
  "lineTo(475.175, 51.5)",
  "quadraticCurveTo(475.175, 48.5, 478.175, 48.5)",
  "closePath()",
  "fill()",
  "set fillStyle("#2563eb")",
  "beginPath()",
  "moveTo(476.675, 48.5)",
  "lineTo(476.675, 48.5)",
  "quadraticCurveTo(478.175, 48.5, 478.175, 50)",
  "lineTo(478.175, 62)",
  "quadraticCurveTo(478.175, 63.5, 476.675, 63.5)",
  "lineTo(476.675, 63.5)",
  "quadraticCurveTo(475.175, 63.5, 475.175, 62)",
  "lineTo(475.175, 50)",
  "quadraticCurveTo(475.175, 48.5, 476.675, 48.5)",
  "closePath()",
  "fill()",
  "set font("bold 11px system-ui, sans-serif")",
  "set fillStyle("#e2e8f0")",
  "set textAlign("left")",
  "fillText("▶各 101", 483.175, 56)",
  "set font("11px ui-monospace, monospace")",
  "fillText("T01F(6) 待避", 529.425, 56)",
  "setLineDash([])",
  "beginPath()",
  "arc(424.601, 13, 4.5, 0, 6.283)",
  "set fillStyle("#dc2626")",
  "fill()",
  "stroke()",
  "set fillStyle("rgba(15, 23, 42, 0.95)")",
  "beginPath()",
  "moveTo(376.801, 16.5)",
  "lineTo(472.401, 16.5)",
  "quadraticCurveTo(475.401, 16.5, 475.401, 19.5)",
  "lineTo(475.401, 28.5)",
  "quadraticCurveTo(475.401, 31.5, 472.401, 31.5)",
  "lineTo(376.801, 31.5)",
  "quadraticCurveTo(373.801, 31.5, 373.801, 28.5)",
  "lineTo(373.801, 19.5)",
  "quadraticCurveTo(373.801, 16.5, 376.801, 16.5)",
  "closePath()",
  "fill()",
  "set fillStyle("#dc2626")",
  "beginPath()",
  "moveTo(375.301, 16.5)",
  "lineTo(375.301, 16.5)",
  "quadraticCurveTo(376.801, 16.5, 376.801, 18)",
  "lineTo(376.801, 30)",
  "quadraticCurveTo(376.801, 31.5, 375.301, 31.5)",
  "lineTo(375.301, 31.5)",
  "quadraticCurveTo(373.801, 31.5, 373.801, 30)",
  "lineTo(373.801, 18)",
  "quadraticCurveTo(373.801, 16.5, 375.301, 16.5)",
  "closePath()",
  "fill()",
  "set font("bold 11px system-ui, sans-serif")",
  "set fillStyle("#e2e8f0")",
  "fillText("▶急 201", 381.801, 24)",
  "set font("11px ui-monospace, monospace")",
  "fillText("T02F(6)", 428.051, 24)",
]
`;

exports[`drawLineStatic > produces a stable call log 1`] = `
[
  "set fillStyle("#0f172a")",
  "fillRect(0, 0, 900, 200)",
  "set strokeStyle("#475569")",
  "set lineWidth(2)",
  "setLineDash([])",
  "beginPath()",
  "moveTo(210, 13.5)",
  "lineTo(270, 13.5)",
  "stroke()",
  "set strokeStyle("#64748b")",
  "set lineWidth(1.5)",
  "beginPath()",
  "moveTo(236, 9.5)",
  "lineTo(244, 13.5)",
  "lineTo(236, 17.5)",
  "stroke()",
  "set strokeStyle("#475569")",
  "set lineWidth(2)",
  "setLineDash([])",
  "beginPath()",
  "moveTo(210, 65.5)",
  "lineTo(270, 65.5)",
  "stroke()",
  "set strokeStyle("#64748b")",
  "set lineWidth(1.5)",
  "beginPath()",
  "moveTo(244, 61.5)",
  "lineTo(236, 65.5)",
  "lineTo(244, 69.5)",
  "stroke()",
  "set strokeStyle("#475569")",
  "set lineWidth(2)",
  "setLineDash([])",
  "beginPath()",
  "moveTo(410, 13.5)",
  "lineTo(470, 13.5)",
  "stroke()",
  "set strokeStyle("#64748b")",
  "set lineWidth(1.5)",
  "beginPath()",
  "moveTo(436, 9.5)",
  "lineTo(444, 13.5)",
  "lineTo(436, 17.5)",
  "stroke()",
  "set strokeStyle("#475569")",
  "set lineWidth(2)",
  "setLineDash([])",
  "beginPath()",
  "moveTo(410, 65.5)",
  "lineTo(470, 65.5)",
  "stroke()",
  "set strokeStyle("#64748b")",
  "set lineWidth(1.5)",
  "beginPath()",
  "moveTo(444, 61.5)",
  "lineTo(436, 65.5)",
  "lineTo(444, 69.5)",
  "stroke()",
  "set strokeStyle("#475569")",
  "set lineWidth(2)",
  "setLineDash([])",
  "beginPath()",
  "moveTo(610, 13.5)",
  "lineTo(670, 13.5)",
  "stroke()",
  "set strokeStyle("#64748b")",
  "set lineWidth(1.5)",
  "beginPath()",
  "moveTo(636, 9.5)",
  "lineTo(644, 13.5)",
  "lineTo(636, 17.5)",
  "stroke()",
  "set strokeStyle("#475569")",
  "set lineWidth(2)",
  "setLineDash([])",
  "beginPath()",
  "moveTo(610, 65.5)",
  "lineTo(670, 65.5)",
  "stroke()",
  "set strokeStyle("#64748b")",
  "set lineWidth(1.5)",
  "beginPath()",
  "moveTo(644, 61.5)",
  "lineTo(636, 65.5)",
  "lineTo(644, 69.5)",
  "stroke()",
  "set strokeStyle("#334155")",
  "set lineWidth(2)",
  "setLineDash([6,4])",
  "beginPath()",
  "moveTo(70, 13.5)",
  "lineTo(54.25, 98.5)",
  "moveTo(70, 65.5)",
  "lineTo(54.25, 98.5)",
  "stroke()",
  "setLineDash([])",
  "set lineWidth(1.5)",
  "beginPath()",
  "moveTo(54.25, 98.5)",
  "lineTo(49, 104.5)",
  "lineTo(35, 104.5)",
  "stroke()",
  "set strokeStyle("#475569")",
  "set lineWidth(1)",
  "setLineDash([2,3])",
  "beginPath()",
  "moveTo(140.5, -8)",
  "lineTo(140.5, 78)",
  "stroke()",
  "setLineDash([])",
  "set fillStyle("rgba(100, 116, 139, 0.35)")",
  "fillRect(72, 4.5, 136, 4)",
  "set lineWidth(4)",
  "beginPath()",
  "moveTo(70, 13.5)",
  "lineTo(210, 13.5)",
  "stroke()",
  "set font("9px system-ui, sans-serif")",
  "set fillStyle("#64748b")",
  "set textAlign("left")",
  "fillText("1番線", 73, 22.5)",
  "set fillStyle("rgba(100, 116, 139, 0.35)")",
  "fillRect(72, 56.5, 136, 4)",
  "beginPath()",
  "moveTo(70, 65.5)",
  "lineTo(210, 65.5)",
  "stroke()",
  "set fillStyle("#64748b")",
  "fillText("2番線", 73, 74.5)",
  "set font("bold 11px system-ui, sans-serif")",
  "set fillStyle("#e2e8f0")",
  "set textAlign("center")",
  "set textBaseline("bottom")",
  "fillText("A駅", 140.5, -7)",
  "set lineWidth(1)",
  "setLineDash([2,3])",
  "beginPath()",
  "moveTo(340.5, -5)",
  "lineTo(340.5, 52)",
  "stroke()",
  "setLineDash([])",
  "set fillStyle("rgba(100, 116, 139, 0.35)")",
  "fillRect(301.4, 30.5, 77.2, 4)",
  "set strokeStyle("#334155")",
  "set lineWidth(1.5)",
  "beginPath()",
  "moveTo(270, 13.5)",
  "lineTo(299.4, 39.5)",
  "moveTo(380.6, 39.5)",
  "lineTo(410, 13.5)",
  "moveTo(270, 65.5)",
  "lineTo(299.4, 39.5)",
  "moveTo(380.6, 39.5)",
  "lineTo(410, 65.5)",
  "stroke()",
  "set fillStyle("#334155")",
  "beginPath()",
  "arc(270, 13.5, 2, 0, 6.283)",
  "fill()",
  "beginPath()",
  "arc(410, 13.5, 2, 0, 6.283)",
  "fill()",
  "beginPath()",
  "arc(270, 65.5, 2, 0, 6.283)",
  "fill()",
  "beginPath()",
  "arc(410, 65.5, 2, 0, 6.283)",
  "fill()",
  "set strokeStyle("#475569")",
  "set lineWidth(4)",
  "beginPath()",
  "moveTo(299.4, 39.5)",
  "lineTo(380.6, 39.5)",
  "stroke()",
  "set font("9px system-ui, sans-serif")",
  "set fillStyle("#64748b")",
  "set textAlign("left")",
  "set textBaseline("alphabetic")",
  "fillText("1番線", 302.4, 48.5)",
  "set font("11px system-ui, sans-serif")",
  "set fillStyle("#94a3b8")",
  "set textAlign("center")",
  "set textBaseline("bottom")",
  "fillText("B駅", 340.5, -7)",
  "set strokeStyle("#38bdf8")",
  "set lineWidth(1)",
  "setLineDash([2,3])",
  "beginPath()",
  "moveTo(540.5, -8)",
  "lineTo(540.5, 78)",
  "stroke()",
  "setLineDash([])",
  "set fillStyle("rgba(100, 116, 139, 0.35)")",
  "fillRect(472, 4.5, 136, 4)",
  "set strokeStyle("#475569")",
  "set lineWidth(4)",
  "beginPath()",
  "moveTo(470, 13.5)",
  "lineTo(610, 13.5)",
  "stroke()",
  "set font("9px system-ui, sans-serif")",
  "set fillStyle("#64748b")",
  "set textAlign("left")",
  "set textBaseline("alphabetic")",
  "fillText("1番線", 473, 22.5)",
  "set fillStyle("rgba(251, 191, 36, 0.14)")",
  "fillRect(470, 27.5, 140, 24)",
  "set fillStyle("rgba(100, 116, 139, 0.35)")",
  "fillRect(501.4, 30.5, 77.2, 4)",
  "set strokeStyle("#334155")",
  "set lineWidth(1.5)",
  "beginPath()",
  "moveTo(470, 13.5)",
  "lineTo(499.4, 39.5)",
  "moveTo(580.6, 39.5)",
  "lineTo(610, 13.5)",
  "stroke()",
  "set fillStyle("#334155")",
  "beginPath()",
  "arc(470, 13.5, 2, 0, 6.283)",
  "fill()",
  "beginPath()",
  "arc(610, 13.5, 2, 0, 6.283)",
  "fill()",
  "set strokeStyle("#fbbf24")",
  "set lineWidth(4)",
  "beginPath()",
  "moveTo(499.4, 39.5)",
  "lineTo(580.6, 39.5)",
  "stroke()",
  "set fillStyle("#64748b")",
  "fillText("2番線", 502.4, 48.5)",
  "set fillStyle("rgba(100, 116, 139, 0.35)")",
  "fillRect(472, 56.5, 136, 4)",
  "set strokeStyle("#475569")",
  "beginPath()",
  "moveTo(470, 65.5)",
  "lineTo(610, 65.5)",
  "stroke()",
  "set fillStyle("#64748b")",
  "fillText("3番線", 473, 74.5)",
  "set font("bold 11px system-ui, sans-serif")",
  "set fillStyle("#e2e8f0")",
  "set textAlign("center")",
  "set textBaseline("bottom")",
  "fillText("C駅", 540.5, -7)",
  "set lineWidth(1)",
  "setLineDash([2,3])",
  "beginPath()",
  "moveTo(740.5, -8)",
  "lineTo(740.5, 52)",
  "stroke()",
  "setLineDash([])",
  "set fillStyle("rgba(100, 116, 139, 0.35)")",
  "fillRect(701.4, 4.5, 77.2, 4)",
  "set strokeStyle("#334155")",
  "set lineWidth(1.5)",
  "beginPath()",
  "moveTo(670, 65.5)",
  "lineTo(699.4, 13.5)",
  "moveTo(780.6, 13.5)",
  "lineTo(810, 65.5)",
  "stroke()",
  "set fillStyle("#334155")",
  "beginPath()",
  "arc(670, 65.5, 2, 0, 6.283)",
  "fill()",
  "beginPath()",
  "arc(810, 65.5, 2, 0, 6.283)",
  "fill()",
  "set strokeStyle("#475569")",
  "set lineWidth(4)",
  "beginPath()",
  "moveTo(699.4, 13.5)",
  "lineTo(780.6, 13.5)",
  "stroke()",
  "set font("9px system-ui, sans-serif")",
  "set fillStyle("#64748b")",
  "set textAlign("left")",
  "set textBaseline("alphabetic")",
  "fillText("1番線", 702.4, 22.5)",
  "set fillStyle("rgba(100, 116, 139, 0.35)")",
  "fillRect(701.4, 30.5, 77.2, 4)",
  "set strokeStyle("#334155")",
  "set lineWidth(1.5)",
  "beginPath()",
  "moveTo(670, 13.5)",
  "lineTo(699.4, 39.5)",
  "moveTo(780.6, 39.5)",
  "lineTo(810, 13.5)",
  "moveTo(670, 65.5)",
  "lineTo(699.4, 39.5)",
  "moveTo(780.6, 39.5)",
  "lineTo(810, 65.5)",
  "stroke()",
  "set fillStyle("#334155")",
  "beginPath()",
  "arc(670, 13.5, 2, 0, 6.283)",
  "fill()",
  "beginPath()",
  "arc(810, 13.5, 2, 0, 6.283)",
  "fill()",
  "beginPath()",
  "arc(670, 65.5, 2, 0, 6.283)",
  "fill()",
  "beginPath()",
  "arc(810, 65.5, 2, 0, 6.283)",
  "fill()",
  "set strokeStyle("#475569")",
  "set lineWidth(4)",
  "beginPath()",
  "moveTo(699.4, 39.5)",
  "lineTo(780.6, 39.5)",
  "stroke()",
  "set fillStyle("#64748b")",
  "fillText("2番線", 702.4, 48.5)",
  "set font("bold 11px system-ui, sans-serif")",
  "set fillStyle("#e2e8f0")",
  "set textAlign("center")",
  "set textBaseline("bottom")",
  "fillText("D駅", 740.5, -7)",
]
`;
