// Vitest Snapshot v1, https://vitest.dev/guide/snapshot.html

exports[`digest positions > are integers and match the camera transform 1`] = `
[
  {
    "id": "stn-1",
    "sx": 140,
    "sy": 13,
  },
  {
    "id": "stn-2",
    "sx": 340,
    "sy": 39,
  },
  {
    "id": "stn-3",
    "sx": 540,
    "sy": 13,
  },
  {
    "id": "stn-4",
    "sx": 740,
    "sy": 13,
  },
]
`;

exports[`drawLineDynamic > produces a stable call log 1`] = `
[
  "clearRect(0, 0, 900, 200)",
  "set strokeStyle("#fbbf24")",
  "set lineWidth(2.5)",
  "setLineDash([])",
  "beginPath()",
  "moveTo(499, 25)",
  "lineTo(581, 25)",
  "quadraticCurveTo(590, 25, 590, 34)",
  "lineTo(590, 44)",
  "quadraticCurveTo(590, 53, 581, 53)",
  "lineTo(499, 53)",
  "quadraticCurveTo(490, 53, 490, 44)",
  "lineTo(490, 34)",
  "quadraticCurveTo(490, 25, 499, 25)",
  "closePath()",
  "stroke()",
  "set fillStyle("#2563eb")",
  "beginPath()",
  "moveTo(500, 29)",
  "lineTo(580, 29)",
  "quadraticCurveTo(586, 29, 586, 35)",
  "lineTo(586, 43)",
  "quadraticCurveTo(586, 49, 580, 49)",
  "lineTo(500, 49)",
  "quadraticCurveTo(494, 49, 494, 43)",
  "lineTo(494, 35)",
  "quadraticCurveTo(494, 29, 500, 29)",
  "closePath()",
  "fill()",
  "set fillStyle("rgba(255, 255, 255, 0.85)")",
  "beginPath()",
  "moveTo(579, 39)",
  "lineTo(573, 34)",
  "lineTo(573, 44)",
  "closePath()",
  "fill()",
  "set font("bold 11px system-ui, sans-serif")",
  "set fillStyle("#ffffff")",
  "set textAlign("center")",
  "set textBaseline("middle")",
  "fillText("各 101", 535, 39.5)",
  "set font("9px ui-monospace, monospace")",
  "set fillStyle("#94a3b8")",
  "set textBaseline("top")",
  "fillText("T01F(6)", 540, 51)",
  "set fillStyle("#fbbf24")",
  "beginPath()",
  "moveTo(493, 12)",
  "lineTo(513, 12)",
  "quadraticCurveTo(516, 12, 516, 15)",
  "lineTo(516, 21)",
  "quadraticCurveTo(516, 24, 513, 24)",
  "lineTo(493, 24)",
  "quadraticCurveTo(490, 24, 490, 21)",
  "lineTo(490, 15)",
  "quadraticCurveTo(490, 12, 493, 12)",
  "closePath()",
  "fill()",
  "set font("9px system-ui, sans-serif")",
  "set fillStyle("#1f1300")",
  "set textBaseline("middle")",
  "fillText("待避", 503, 18)",
  "set fillStyle("#dc2626")",
  "beginPath()",
  "moveTo(380, 3)",
  "lineTo(460, 3)",
  "quadraticCurveTo(466, 3, 466, 9)",
  "lineTo(466, 17)",
  "quadraticCurveTo(466, 23, 460, 23)",
  "lineTo(380, 23)",
  "quadraticCurveTo(374, 23, 374, 17)",
  "lineTo(374, 9)",
  "quadraticCurveTo(374, 3, 380, 3)",
  "closePath()",
  "fill()",
  "set fillStyle("rgba(255, 255, 255, 0.85)")",
  "beginPath()",
  "moveTo(459, 13)",
  "lineTo(453, 8)",
  "lineTo(453, 18)",
  "closePath()",
  "fill()",
  "set font("bold 11px system-ui, sans-serif")",
  "set fillStyle("#ffffff")",
  "fillText("急 201", 415, 13.5)",
  "set font("9px ui-monospace, monospace")",
  "set fillStyle("#94a3b8")",
  "set textBaseline("top")",
  "fillText("T02F(6)", 420, 25)",
]
`;

exports[`drawLineStatic > produces a stable call log 1`] = `
[
  "set fillStyle("#0f172a")",
  "fillRect(0, 0, 900, 200)",
  "set strokeStyle("#475569")",
  "set lineWidth(2)",
  "setLineDash([])",
  "beginPath()",
  "moveTo(170, 13.5)",
  "lineTo(310, 13.5)",
  "stroke()",
  "set strokeStyle("#64748b")",
  "set lineWidth(1.5)",
  "beginPath()",
  "moveTo(236, 9.5)",
  "lineTo(244, 13.5)",
  "lineTo(236, 17.5)",
  "stroke()",
  "set strokeStyle("#475569")",
  "set lineWidth(2)",
  "setLineDash([])",
  "beginPath()",
  "moveTo(170, 65.5)",
  "lineTo(310, 65.5)",
  "stroke()",
  "set strokeStyle("#64748b")",
  "set lineWidth(1.5)",
  "beginPath()",
  "moveTo(244, 61.5)",
  "lineTo(236, 65.5)",
  "lineTo(244, 69.5)",
  "stroke()",
  "set strokeStyle("#475569")",
  "set lineWidth(2)",
  "setLineDash([])",
  "beginPath()",
  "moveTo(370, 13.5)",
  "lineTo(510, 13.5)",
  "stroke()",
  "set strokeStyle("#64748b")",
  "set lineWidth(1.5)",
  "beginPath()",
  "moveTo(436, 9.5)",
  "lineTo(444, 13.5)",
  "lineTo(436, 17.5)",
  "stroke()",
  "set strokeStyle("#475569")",
  "set lineWidth(2)",
  "setLineDash([])",
  "beginPath()",
  "moveTo(370, 65.5)",
  "lineTo(510, 65.5)",
  "stroke()",
  "set strokeStyle("#64748b")",
  "set lineWidth(1.5)",
  "beginPath()",
  "moveTo(444, 61.5)",
  "lineTo(436, 65.5)",
  "lineTo(444, 69.5)",
  "stroke()",
  "set strokeStyle("#475569")",
  "set lineWidth(2)",
  "setLineDash([])",
  "beginPath()",
  "moveTo(570, 13.5)",
  "lineTo(710, 13.5)",
  "stroke()",
  "set strokeStyle("#64748b")",
  "set lineWidth(1.5)",
  "beginPath()",
  "moveTo(636, 9.5)",
  "lineTo(644, 13.5)",
  "lineTo(636, 17.5)",
  "stroke()",
  "set strokeStyle("#475569")",
  "set lineWidth(2)",
  "setLineDash([])",
  "beginPath()",
  "moveTo(570, 65.5)",
  "lineTo(710, 65.5)",
  "stroke()",
  "set strokeStyle("#64748b")",
  "set lineWidth(1.5)",
  "beginPath()",
  "moveTo(644, 61.5)",
  "lineTo(636, 65.5)",
  "lineTo(644, 69.5)",
  "stroke()",
  "set strokeStyle("#334155")",
  "set lineWidth(2)",
  "setLineDash([6,4])",
  "beginPath()",
  "moveTo(140, 13.5)",
  "lineTo(116, 91.5)",
  "lineTo(40, 91.5)",
  "stroke()",
  "setLineDash([])",
  "set fillStyle("#273449")",
  "set strokeStyle("#475569")",
  "set lineWidth(1)",
  "beginPath()",
  "moveTo(44, 79.5)",
  "lineTo(100, 79.5)",
  "quadraticCurveTo(104, 79.5, 104, 83.5)",
  "lineTo(104, 99.5)",
  "quadraticCurveTo(104, 103.5, 100, 103.5)",
  "lineTo(44, 103.5)",
  "quadraticCurveTo(40, 103.5, 40, 99.5)",
  "lineTo(40, 83.5)",
  "quadraticCurveTo(40, 79.5, 44, 79.5)",
  "closePath()",
  "fill()",
  "stroke()",
  "set font("9px system-ui, sans-serif")",
  "set fillStyle("#94a3b8")",
  "set textAlign("left")",
  "set textBaseline("middle")",
  "fillText("A車庫", 46, 89.5)",
  "setLineDash([2,3])",
  "beginPath()",
  "moveTo(140.5, -14)",
  "lineTo(140.5, 78)",
  "stroke()",
  "setLineDash([])",
  "set fillStyle("rgba(100, 116, 139, 0.35)")",
  "fillRect(112, 4.5, 56, 4)",
  "set lineWidth(4)",
  "beginPath()",
  "moveTo(110, 13.5)",
  "lineTo(170, 13.5)",
  "stroke()",
  "set fillStyle("#64748b")",
  "set textBaseline("alphabetic")",
  "fillText("1番線", 113, 22.5)",
  "set fillStyle("rgba(100, 116, 139, 0.35)")",
  "fillRect(112, 56.5, 56, 4)",
  "beginPath()",
  "moveTo(110, 65.5)",
  "lineTo(170, 65.5)",
  "stroke()",
  "set fillStyle("#64748b")",
  "fillText("2番線", 113, 74.5)",
  "set font("bold 11px system-ui, sans-serif")",
  "set fillStyle("#e2e8f0")",
  "set textAlign("center")",
  "set textBaseline("top")",
  "fillText("A駅", 140.5, -18)",
  "set lineWidth(1)",
  "setLineDash([2,3])",
  "beginPath()",
  "moveTo(340.5, 12)",
  "lineTo(340.5, 52)",
  "stroke()",
  "setLineDash([])",
  "set fillStyle("rgba(100, 116, 139, 0.35)")",
  "fillRect(312, 30.5, 56, 4)",
  "set lineWidth(4)",
  "beginPath()",
  "moveTo(310, 39.5)",
  "lineTo(370, 39.5)",
  "stroke()",
  "set font("9px system-ui, sans-serif")",
  "set fillStyle("#64748b")",
  "set textAlign("left")",
  "set textBaseline("alphabetic")",
  "fillText("1番線", 313, 48.5)",
  "set font("bold 11px system-ui, sans-serif")",
  "set fillStyle("#e2e8f0")",
  "set textAlign("center")",
  "set textBaseline("top")",
  "fillText("B駅", 340.5, 8)",
  "set strokeStyle("#38bdf8")",
  "set lineWidth(1)",
  "setLineDash([2,3])",
  "beginPath()",
  "moveTo(540.5, -14)",
  "lineTo(540.5, 78)",
  "stroke()",
  "setLineDash([])",
  "set fillStyle("rgba(100, 116, 139, 0.35)")",
  "fillRect(512, 4.5, 56, 4)",
  "set strokeStyle("#475569")",
  "set lineWidth(4)",
  "beginPath()",
  "moveTo(510, 13.5)",
  "lineTo(570, 13.5)",
  "stroke()",
  "set font("9px system-ui, sans-serif")",
  "set fillStyle("#64748b")",
  "set textAlign("left")",
  "set textBaseline("alphabetic")",
  "fillText("1番線", 513, 22.5)",
  "set fillStyle("rgba(251, 191, 36, 0.14)")",
  "fillRect(510, 27.5, 60, 24)",
  "set fillStyle("rgba(100, 116, 139, 0.35)")",
  "fillRect(512, 30.5, 56, 4)",
  "set strokeStyle("#fbbf24")",
  "beginPath()",
  "moveTo(510, 39.5)",
  "lineTo(570, 39.5)",
  "stroke()",
  "set fillStyle("#64748b")",
  "fillText("2番線", 513, 48.5)",
  "set fillStyle("rgba(100, 116, 139, 0.35)")",
  "fillRect(512, 56.5, 56, 4)",
  "set strokeStyle("#475569")",
  "beginPath()",
  "moveTo(510, 65.5)",
  "lineTo(570, 65.5)",
  "stroke()",
  "set fillStyle("#64748b")",
  "fillText("3番線", 513, 74.5)",
  "set font("bold 11px system-ui, sans-serif")",
  "set fillStyle("#e2e8f0")",
  "set textAlign("center")",
  "set textBaseline("top")",
  "fillText("C駅", 540.5, -18)",
  "set lineWidth(1)",
  "setLineDash([2,3])",
  "beginPath()",
  "moveTo(740.5, -14)",
  "lineTo(740.5, 52)",
  "stroke()",
  "setLineDash([])",
  "set fillStyle("rgba(100, 116, 139, 0.35)")",
  "fillRect(712, 4.5, 56, 4)",
  "set lineWidth(4)",
  "beginPath()",
  "moveTo(710, 13.5)",
  "lineTo(770, 13.5)",
  "stroke()",
  "set font("9px system-ui, sans-serif")",
  "set fillStyle("#64748b")",
  "set textAlign("left")",
  "set textBaseline("alphabetic")",
  "fillText("1番線", 713, 22.5)",
  "set fillStyle("rgba(100, 116, 139, 0.35)")",
  "fillRect(712, 30.5, 56, 4)",
  "beginPath()",
  "moveTo(710, 39.5)",
  "lineTo(770, 39.5)",
  "stroke()",
  "set fillStyle("#64748b")",
  "fillText("2番線", 713, 48.5)",
  "set font("bold 11px system-ui, sans-serif")",
  "set fillStyle("#e2e8f0")",
  "set textAlign("center")",
  "set textBaseline("top")",
  "fillText("D駅", 740.5, -18)",
]
`;
