// Vitest Snapshot v1, https://vitest.dev/guide/snapshot.html

exports[`決定性とダイジェスト > matches the digest baseline 1`] = `
{
  "assignments": 34,
  "connectionStops": 142,
  "deadheadTrains": 68,
  "duties": 34,
  "dutiesByCars": {
    "5": 29,
    "7": 5,
  },
  "formations": 23,
  "formationsByCars": {
    "5": 17,
    "7": 6,
  },
  "inspectionRecords": 94,
  "links": 22,
  "overtakenStops": 142,
  "peakConcurrentDuties": 20,
  "serviceTrains": 478,
  "stationTracks": 69,
  "stations": 23,
  "totalKm": 7019,
  "trains": 546,
  "trainsByBand": {
    "(回送)": 68,
    "b1-early": 24,
    "b10-evening": 48,
    "b11-evening-late": 12,
    "b12-latenight-lead": 10,
    "b13-latenight": 18,
    "b2-buildup": 8,
    "b3-ampeak-lead": 12,
    "b4-ampeak": 32,
    "b5-midday-lead": 14,
    "b6-midday": 144,
    "b7-pmpeak-lead": 14,
    "b8-pmpeak": 128,
    "b9-evening-lead": 14,
  },
  "trainsByDirection": {
    "down": 273,
    "up": 273,
  },
  "trainsByType": {
    "各駅停車(緑)": 201,
    "各駅停車(青)": 135,
    "回送": 68,
    "急行": 142,
  },
}
`;
