// Vitest Snapshot v1, https://vitest.dev/guide/snapshot.html

exports[`決定性とダイジェスト > matches the digest baseline 1`] = `
{
  "assignments": 35,
  "connectionStops": 142,
  "crew": 69,
  "crewAssignments": 69,
  "crewDuties": 69,
  "crewDutiesByRole": {
    "driver": 69,
  },
  "crewLegsByKind": {
    "break": 30,
    "deadhead": 2,
    "standby": 420,
    "train": 548,
  },
  "crewWorkHours": 234,
  "deadheadTrains": 70,
  "duties": 35,
  "dutiesByCars": {
    "5": 30,
    "7": 5,
  },
  "formations": 23,
  "formationsByCars": {
    "5": 17,
    "7": 6,
  },
  "inspectionRecords": 94,
  "links": 22,
  "overtakenStops": 142,
  "peakConcurrentCrewDuties": 26,
  "peakConcurrentDuties": 20,
  "serviceTrains": 478,
  "stationTracks": 70,
  "stations": 23,
  "totalKm": 7041,
  "trains": 548,
  "trainsByBand": {
    "(回送)": 70,
    "b1-early": 24,
    "b10-evening": 48,
    "b11-evening-late": 12,
    "b12-latenight-lead": 10,
    "b13-latenight": 18,
    "b2-buildup": 8,
    "b3-ampeak-lead": 12,
    "b4-ampeak": 32,
    "b5-midday-lead": 14,
    "b6-midday": 144,
    "b7-pmpeak-lead": 14,
    "b8-pmpeak": 128,
    "b9-evening-lead": 14,
  },
  "trainsByDirection": {
    "down": 274,
    "up": 274,
  },
  "trainsByType": {
    "各駅停車(緑)": 201,
    "各駅停車(青)": 135,
    "回送": 70,
    "急行": 142,
  },
}
`;
